<?xml version="1.0" encoding="utf-8"?><testsuites><testsuite name="pytest" errors="0" failures="0" skipped="0" tests="1" time="17.497" timestamp="2025-09-29T12:10:28.312788" hostname="TUF"><testcase classname="urgent.test_core_interfaces_execution.TestCoreEnumsExecution" name="test_timeframe_enum_execution" time="0.002" /></testsuite></testsuites>